
> my-project@0.1.0 build
> next build

Ôû▓ Next.js 16.1.6 (Turbopack)
- Environments: .env.local

  Creating an optimized production build ...
Ô£ô Compiled successfully in 6.6s
  Skipping validation of types
  Collecting page data using 15 workers ...
  Generating static pages using 15 workers (0/14) ...
  Generating static pages using 15 workers (3/14) 
  Generating static pages using 15 workers (6/14) 
  Generating static pages using 15 workers (10/14) 
Ô£ô Generating static pages using 15 workers (14/14) in 1872.1ms
  Finalizing page optimization ...

Route (app)
Ôöî Ôùï /
Ôö£ Ôùï /_not-found
Ôö£ Ôùï /about
Ôö£ Ôùï /contact
Ôö£ Ôùï /dashboard
Ôö£ Ôùï /get-involved
Ôö£ Ôùï /impact
Ôö£ Ôùï /login
Ôö£ Ôùï /media
Ôö£ Ôùï /signup
Ôö£ Ôùï /subscriptions
Ôö£ Ôùï /test-db
Ôöö Ôùï /testimonials


Ôùï  (Static)  prerendered as static content

